<?xml version="1.0" encoding="utf-8"?><testsuites name="pytest tests"><testsuite name="pytest" errors="0" failures="0" skipped="1" tests="70" time="1.535" timestamp="2026-01-23T16:19:05.575571+07:00" hostname="Mac-Pro-M2-s-Anhnon.local"><testcase classname="tests.test_agent.TestAgent" name="test_agent_service_query" time="0.180" /><testcase classname="tests.test_agent.TestAgent" name="test_agent_api_endpoint" time="0.000"><skipped type="pytest.skip" message="API endpoint test requires integration testing with real auth - auth middleware runs before dependency injection">/Users/anhnon/PycharmProjects/be-assignment.dec-2025/tests/test_agent.py:68: API endpoint test requires integration testing with real auth - auth middleware runs before dependency injection</skipped></testcase><testcase classname="tests.test_agent.TestAgent" name="test_agent_init_provider" time="0.006" /><testcase classname="tests.test_auth.TestAuthService" name="test_register_success" time="0.009" /><testcase classname="tests.test_auth.TestAuthService" name="test_register_conflict" time="0.003" /><testcase classname="tests.test_auth.TestAuthService" name="test_register_missing_org_name" time="0.003" /><testcase classname="tests.test_auth.TestAuthService" name="test_login_success" time="0.003" /><testcase classname="tests.test_auth.TestAuthService" name="test_login_user_not_found" time="0.003" /><testcase classname="tests.test_auth.TestAuthService" name="test_login_incorrect_password" time="0.003" /><testcase classname="tests.test_auth.TestAuthService" name="test_login_user_inactive" time="0.003" /><testcase classname="tests.test_auth.TestAuthService" name="test_refresh_token_success" time="0.003" /><testcase classname="tests.test_auth.TestAuthService" name="test_refresh_token_expired" time="0.002" /><testcase classname="tests.test_auth.TestAuthService" name="test_refresh_token_invalid" time="0.003" /><testcase classname="tests.test_auth.TestAuthService" name="test_refresh_token_wrong_type" time="0.002" /><testcase classname="tests.test_auth.TestAuthService" name="test_refresh_token_user_not_found" time="0.003" /><testcase classname="tests.test_file_upload.TestFileUploadService" name="test_validate_file_extension_success" time="0.001" /><testcase classname="tests.test_file_upload.TestFileUploadService" name="test_validate_file_extension_failure" time="0.002" /><testcase classname="tests.test_file_upload.TestFileUploadService" name="test_validate_custom_allowed_extensions" time="0.001" /><testcase classname="tests.test_file_upload.TestFileUploadService" name="test_save_file_success" time="0.002" /><testcase classname="tests.test_file_upload.TestFileUploadService" name="test_save_file_size_exceeded" time="0.002" /><testcase classname="tests.test_file_upload.TestFileUploadService" name="test_delete_file" time="0.002" /><testcase classname="tests.test_file_upload.TestFileUploadService" name="test_delete_file_not_exist" time="0.001" /><testcase classname="tests.test_mcp" name="test_mcp_tool_discovery" time="0.002" /><testcase classname="tests.test_mcp" name="test_mcp_call_tool_mock" time="0.001" /><testcase classname="tests.test_organizations.TestOrganizationService" name="test_get_organization_by_name_success" time="0.002" /><testcase classname="tests.test_organizations.TestOrganizationService" name="test_get_organization_by_name_not_found" time="0.003" /><testcase classname="tests.test_organizations.TestOrganizationService" name="test_add_user_to_organization_success" time="0.002" /><testcase classname="tests.test_organizations.TestOrganizationService" name="test_add_user_to_organization_failure" time="0.002" /><testcase classname="tests.test_projects.TestProjectService" name="test_create_project_success" time="0.002" /><testcase classname="tests.test_projects.TestProjectService" name="test_get_project_by_id_admin_success" time="0.002" /><testcase classname="tests.test_projects.TestProjectService" name="test_get_project_by_id_member_not_member" time="0.003" /><testcase classname="tests.test_projects.TestProjectService" name="test_get_project_not_found" time="0.003" /><testcase classname="tests.test_projects.TestProjectService" name="test_list_projects_admin" time="0.002" /><testcase classname="tests.test_projects.TestProjectService" name="test_list_projects_member" time="0.003" /><testcase classname="tests.test_projects.TestProjectService" name="test_update_project_success" time="0.002" /><testcase classname="tests.test_projects.TestProjectService" name="test_update_project_member_forbidden" time="0.001" /><testcase classname="tests.test_projects.TestProjectService" name="test_delete_project_success" time="0.004" /><testcase classname="tests.test_projects.TestProjectService" name="test_delete_project_manager_forbidden" time="0.001" /><testcase classname="tests.test_projects.TestProjectService" name="test_add_member_success" time="0.004" /><testcase classname="tests.test_projects.TestProjectService" name="test_add_member_already_exists" time="0.003" /><testcase classname="tests.test_projects.TestProjectService" name="test_remove_member_success" time="0.003" /><testcase classname="tests.test_projects.TestProjectService" name="test_remove_member_not_found" time="0.003" /><testcase classname="tests.test_projects.TestProjectService" name="test_get_members_success" time="0.003" /><testcase classname="tests.test_tasks.TestTaskService" name="test_create_task_success" time="0.004" /><testcase classname="tests.test_tasks.TestTaskService" name="test_create_task_not_member_forbidden" time="0.003" /><testcase classname="tests.test_tasks.TestTaskService" name="test_create_task_past_due_date_bad_request" time="0.003" /><testcase classname="tests.test_tasks.TestTaskService" name="test_create_task_assign_to_other_forbidden_for_member" time="0.003" /><testcase classname="tests.test_tasks.TestTaskService" name="test_update_status_forward_success" time="0.004" /><testcase classname="tests.test_tasks.TestTaskService" name="test_update_status_backward_forbidden" time="0.004" /><testcase classname="tests.test_tasks.TestTaskService" name="test_add_comment_success" time="0.004" /><testcase classname="tests.test_tasks.TestTaskService" name="test_add_attachment_limit_exceeded" time="0.004" /><testcase classname="tests.test_tasks.TestTaskService" name="test_delete_task_member_forbidden" time="0.003" /><testcase classname="tests.test_tasks.TestTaskService" name="test_delete_task_admin_success" time="0.005" /><testcase classname="tests.test_users.TestUserService" name="test_get_user_by_email_success" time="0.002" /><testcase classname="tests.test_users.TestUserService" name="test_get_user_by_email_not_found" time="0.002" /><testcase classname="tests.test_users.TestUserService" name="test_get_user_by_id_success" time="0.002" /><testcase classname="tests.test_users.TestUserService" name="test_get_user_by_id_not_found" time="0.002" /><testcase classname="tests.test_users.TestUserService" name="test_create_user_success" time="0.002" /><testcase classname="tests.test_users.TestUserService" name="test_create_user_with_default_role" time="0.003" /><testcase classname="tests.test_users.TestUserService" name="test_create_user_with_admin_role" time="0.002" /><testcase classname="tests.test_users.TestUserService" name="test_update_user_with_full_name" time="0.002" /><testcase classname="tests.test_users.TestUserService" name="test_update_user_without_changes" time="0.003" /><testcase classname="tests.test_users.TestUserService" name="test_update_user_with_none_full_name" time="0.002" /><testcase classname="tests.test_users.TestUserService" name="test_email_exists_true" time="0.002" /><testcase classname="tests.test_users.TestUserService" name="test_email_exists_false" time="0.002" /><testcase classname="tests.test_users.TestUserService" name="test_verify_password_success" time="0.002" /><testcase classname="tests.test_users.TestUserService" name="test_verify_password_failure" time="0.001" /><testcase classname="tests.test_users.TestUserService" name="test_verify_password_with_empty_strings" time="0.002" /><testcase classname="tests.test_users.TestUserServiceIntegration" name="test_create_user_and_verify_password_flow" time="0.003" /><testcase classname="tests.test_users.TestUserServiceIntegration" name="test_user_registration_workflow" time="0.004" /></testsuite></testsuites>